 Container lingxiloop-e2e-redis-1  Running
 Container lingxiloop-e2e-postgres-1  Running
 Container lingxiloop-e2e-postgres-1  Waiting
 Container lingxiloop-e2e-redis-1  Waiting
 Container lingxiloop-e2e-redis-1  Healthy
 Container lingxiloop-e2e-postgres-1  Healthy
 Container lingxiloop-ui-live-wukongim-1  Running
 Container lingxiloop-ui-live-wukongim-1  Waiting
 Container lingxiloop-ui-live-wukongim-1  Healthy
[db:migrate] already current · 171ms
[integration] selected 1/57 file(s): interactive-ui-wukong.test.ts
TAP version 13
# [36mvite v5.4.21 [32mbuilding for production...[36m[39m
# transforming...
# A PostCSS plugin did not pass the `from` option to `postcss.parse`. This may cause imported assets to be incorrectly transformed. If you've recently added a PostCSS plugin that raised this warning, please contact the package author to fix the issue.
# [32m✓[39m 10257 modules transformed.
# rendering chunks...
# [1m[33m[plugin:vite:reporter][39m[22m [33m[plugin vite:reporter] 
# (!) E:/lyyzka/LingxiLoop/src/api/core/realtime.ts is dynamically imported by E:/lyyzka/LingxiLoop/src/stores/auth.ts, E:/lyyzka/LingxiLoop/src/stores/auth.ts but also statically imported by E:/lyyzka/LingxiLoop/src/features/agents/state.ts, E:/lyyzka/LingxiLoop/src/features/calendar/state.ts, E:/lyyzka/LingxiLoop/src/features/canvas/state.ts, E:/lyyzka/LingxiLoop/src/features/chat/runtime/transport.ts, E:/lyyzka/LingxiLoop/src/features/conversations/store.ts, E:/lyyzka/LingxiLoop/src/features/documents/state.ts, dynamic import will not move module into another chunk.
# [1m[33m[plugin:vite:reporter][39m[22m [33m[plugin vite:reporter] 
# (!) E:/lyyzka/LingxiLoop/src/lib/avatarCache.ts is dynamically imported by E:/lyyzka/LingxiLoop/src/stores/auth.ts but also statically imported by E:/lyyzka/LingxiLoop/src/features/agents/state.ts, dynamic import will not move module into another chunk.
# [39m
# [1m[33m[plugin:vite:reporter][39m[22m [33m[plugin vite:reporter] 
# (!) E:/lyyzka/LingxiLoop/src/features/chat/runtime/transport.ts is dynamically imported by E:/lyyzka/LingxiLoop/src/stores/auth.ts but also statically imported by E:/lyyzka/LingxiLoop/src/features/chat/components/BusinessMessagePart.tsx, E:/lyyzka/LingxiLoop/src/features/chat/components/NativeTool.tsx, E:/lyyzka/LingxiLoop/src/features/conversations/store.ts, dynamic import will not move module into another chunk.
# [39m
# [39m
# computing gzip size...
# [2m.e2e/interactive-live-build/[22m[32me2e/interactive-ui-live.html                                               [39m[1m[2m    0.38 kB[22m[1m[22m[2m │ gzip:   0.31 kB[22m
# [2m.e2e/interactive-live-build/[22m[32massets/science-worker-EnYO0j7p.js                                          [39m[1m[2m    2.50 kB[22m[1m[22m
# [2m.e2e/interactive-live-build/[22m[32massets/Excalifont-Regular-41b173a47b57366892116a575a43e2b6-BJAJQqlB.woff2  [39m[1m[2m    8.71 kB[22m[1m[22m
# [2m.e2e/interactive-live-build/[22m[32massets/Excalifont-Regular-be310b9bcd4f1a43f571c46df7809174-CwOnC3Ii.woff2  [39m[1m[2m   12.22 kB[22m[1m[22m
# [2m.e2e/interactive-live-build/[22m[32massets/Assistant-Regular-DVxZuzxb.woff2                                    [39m[1m[2m   20.23 kB[22m[1m[22m
# [2m.e2e/interactive-live-build/[22m[32massets/Assistant-Medium-DrcxCXg3.woff2                                     [39m[1m[2m   20.32 kB[22m[1m[22m
# [2m.e2e/interactive-live-build/[22m[32massets/Assistant-Bold-gm-uSS1B.woff2                                       [39m[1m[2m   20.38 kB[22m[1m[22m
# [2m.e2e/interactive-live-build/[22m[32massets/Excalifont-Regular-a88b72a24fb54c9f94e3b5fdaa7481c9-DBEDukyo.woff2  [39m[1m[2m   24.96 kB[22m[1m[22m
# [2m.e2e/interactive-live-build/[22m[32massets/Xiaolai-Regular-59e9ff77b0efaf684bc09274fb6908c9-lS7CMV6S.woff2     [39m[1m[2m   26.05 kB[22m[1m[22m
# [2m.e2e/interactive-live-build/[22m[32massets/Xiaolai-Regular-145aa02cdd91946e67dc934e1acffe75-DCSMho3r.woff2     [39m[1m[2m   37.41 kB[22m[1m[22m
# [2m.e2e/interactive-live-build/[22m[32massets/Xiaolai-Regular-c4a687ac4f0c2766eefc9f77ed99cddf-DuPL2stk.woff2     [39m[1m[2m   38.42 kB[22m[1m[22m
# [2m.e2e/interactive-live-build/[22m[32massets/Excalifont-Regular-b9dcf9d2e50a1eaf42fc664b50a3fd0d-C6QjyRMU.woff2  [39m[1m[2m   13.30 kB[22m[1m[22m
# [2m.e2e/interactive-live-build/[22m[32massets/Xiaolai-Regular-7eb9fffd1aa890d07d0f88cc82e6cfe4-C3Av6KgO.woff2     [39m[1m[2m   17.25 kB[22m[1m[22m
# [2m.e2e/interactive-live-build/[22m[32massets/Assistant-SemiBold-SCI4bEL9.woff2                                   [39m[1m[2m   20.21 kB[22m[1m[22m
# [2m.e2e/interactive-live-build/[22m[32massets/Xiaolai-Regular-ec181b795ac1fb5a50d700b6e996d745-DP6VjqFu.woff2     [39m[1m[2m   39.52 kB[22m[1m[22m
# [2m.e2e/interactive-live-build/[22m[32massets/Xiaolai-Regular-cfb211578629b7e8153b37240de6a9d5-B19K-Mti.woff2     [39m[1m[2m   44.46 kB[22m[1m[22m
# [2m.e2e/interactive-live-build/[22m[32massets/Xiaolai-Regular-2b7441d46298788ac94e610ffcc709b6-DRo87U0f.woff2     [39m[1m[2m   46.55 kB[22m[1m[22m
# [2m.e2e/interactive-live-build/[22m[32massets/Xiaolai-Regular-f8ee5d36068a42b51d0e4a1116cfcec1-B9Fb-jqT.woff2     [39m[1m[2m   47.28 kB[22m[1m[22m
# [2m.e2e/interactive-live-build/[22m[32massets/Xiaolai-Regular-74e2263a91439c25b91d5132ce9f4d62-DDSUx7zl.woff2     [39m[1m[2m   47.54 kB[22m[1m[22m
# [2m.e2e/interactive-live-build/[22m[32massets/Xiaolai-Regular-b7d203b051eff504ff59ddca7576b6a9-DPl0t9Ky.woff2     [39m[1m[2m   48.15 kB[22m[1m[22m
# [2m.e2e/interactive-live-build/[22m[32massets/Xiaolai-Regular-79d494361ae093b69e74ee9dbe65bfd4-aR6GxXbw.woff2     [39m[1m[2m   48.74 kB[22m[1m[22m
# [2m.e2e/interactive-live-build/[22m[32massets/Xiaolai-Regular-739bc1a567439c7cffcd1614644593d2-BlCjFBco.woff2     [39m[1m[2m   49.49 kB[22m[1m[22m
# [2m.e2e/interactive-live-build/[22m[32massets/Xiaolai-Regular-08e0dc436ad0ad61ba5558db0674d762-CU9-FjM2.woff2     [39m[1m[2m   49.74 kB[22m[1m[22m
# [2m.e2e/interactive-live-build/[22m[32massets/Xiaolai-Regular-72252d73220fa3cd856677888cee1635-Bq-N2WPs.woff2     [39m[1m[2m   49.97 kB[22m[1m[22m
# [2m.e2e/interactive-live-build/[22m[32massets/Xiaolai-Regular-9d81066dd2b337c938df6e90380a00dc-DLRmjQlt.woff2     [39m[1m[2m   50.17 kB[22m[1m[22m
# [2m.e2e/interactive-live-build/[22m[32massets/Xiaolai-Regular-5a1ce3117cfe90c48e8fb4a9a00f694d-DI9unF3q.woff2     [39m[1m[2m   50.22 kB[22m[1m[22m
# [2m.e2e/interactive-live-build/[22m[32massets/Xiaolai-Regular-dac48066b5883d8b4551fc584f0c2a3e-cH5j5HvW.woff2     [39m[1m[2m   50.23 kB[22m[1m[22m
# [2m.e2e/interactive-live-build/[22m[32massets/Xiaolai-Regular-8d3bcabb847b56243b16afe62adaaf21-CrzFs4NG.woff2     [39m[1m[2m   50.36 kB[22m[1m[22m
# [2m.e2e/interactive-live-build/[22m[32massets/Xiaolai-Regular-cf6ff4e0f491ca0cf3038187a997b9b4-BxJd8aoS.woff2     [39m[1m[2m   50.61 kB[22m[1m[22m
# [2m.e2e/interactive-live-build/[22m[32massets/Xiaolai-Regular-0facdf1ea213ba40261022f5d5ed4493-A3C5LsMs.woff2     [39m[1m[2m   50.66 kB[22m[1m[22m
# [2m.e2e/interactive-live-build/[22m[32massets/Xiaolai-Regular-4806e761d750087c2d734fc64596eaff-B2q7cCEy.woff2     [39m[1m[2m   50.70 kB[22m[1m[22m
# [2m.e2e/interactive-live-build/[22m[32massets/Xiaolai-Regular-450da755d5bcb70906e1295e559b9602-BE-fZWpf.woff2     [39m[1m[2m   51.33 kB[22m[1m[22m
# [2m.e2e/interactive-live-build/[22m[32massets/Xiaolai-Regular-cdbce89e82cc1ab53a2decbf5819278f-CNN_ffhm.woff2     [39m[1m[2m   51.42 kB[22m[1m[22m
# [2m.e2e/interactive-live-build/[22m[32massets/Xiaolai-Regular-9592bfc861f07bcb8d75c196b370e548-BBE7nH6u.woff2     [39m[1m[2m   51.57 kB[22m[1m[22m
# [2m.e2e/interactive-live-build/[22m[32massets/Xiaolai-Regular-3756e81d3e149cf6099163ee79944fec-Bbj-MfTu.woff2     [39m[1m[2m   51.60 kB[22m[1m[22m
# [2m.e2e/interactive-live-build/[22m[32massets/Xiaolai-Regular-1ee544f0f1dac422545c505baa788992-NU09-aQM.woff2     [39m[1m[2m   51.73 kB[22m[1m[22m
# [2m.e2e/interactive-live-build/[22m[32massets/Xiaolai-Regular-2b77e8ebfb2367ab2662396a60e7d320-cUCgsOXo.woff2     [39m[1m[2m   52.49 kB[22m[1m[22m
# [2m.e2e/interactive-live-build/[22m[32massets/Xiaolai-Regular-733171b4ffcd17ea1fe1c0ba627173bf-Cn6MTdmv.woff2     [39m[1m[2m   52.60 kB[22m[1m[22m
# [2m.e2e/interactive-live-build/[22m[32massets/Xiaolai-Regular-938d90c10ff8c20386af7f242c05d6b0-6YCEBCbg.woff2     [39m[1m[2m   52.64 kB[22m[1m[22m
# [2m.e2e/interactive-live-build/[22m[32massets/Xiaolai-Regular-a1f916d6039285c4ffb900cd654e418f-DUW-gGcA.woff2     [39m[1m[2m   52.88 kB[22m[1m[22m
# [2m.e2e/interactive-live-build/[22m[32massets/Xiaolai-Regular-15dc6d811c9cd078f9086a740d5a1038-DoCPLXur.woff2     [39m[1m[2m   53.17 kB[22m[1m[22m
# [2m.e2e/interactive-live-build/[22m[32massets/Xiaolai-Regular-353f33792a8f60dc69323ddf635a269e-LFRkdvBZ.woff2     [39m[1m[2m   54.16 kB[22m[1m[22m
# [2m.e2e/interactive-live-build/[22m[32massets/Xiaolai-Regular-33432927cd87d40cfe393c7482bf221f-D1eSACaa.woff2     [39m[1m[2m   53.22 kB[22m[1m[22m
# [2m.e2e/interactive-live-build/[22m[32massets/Xiaolai-Regular-670ba603758d94268e8606f240a42e12-CHg9Oajp.woff2     [39m[1m[2m   53.52 kB[22m[1m[22m
# [2m.e2e/interactive-live-build/[22m[32massets/Xiaolai-Regular-e656f091b9dc4709722c9f4b84d3c797-C9ZtrMvP.woff2     [39m[1m[2m   53.56 kB[22m[1m[22m
# [2m.e2e/interactive-live-build/[22m[32massets/Xiaolai-Regular-0b5d723fdc4e249c140f0909e87d03b4-D_L8Pv09.woff2     [39m[1m[2m   53.67 kB[22m[1m[22m
# [2m.e2e/interactive-live-build/[22m[32massets/Xiaolai-Regular-0986d134c05864f5025962eef9f994a0-wPOiKfkA.woff2     [39m[1m[2m   53.76 kB[22m[1m[22m
# [2m.e2e/interactive-live-build/[22m[32massets/Xiaolai-Regular-be549ab72f0719d606a5c01e2c0219b6-Bl31pZPo.woff2     [39m[1m[2m   54.44 kB[22m[1m[22m
# [2m.e2e/interactive-live-build/[22m[32massets/Xiaolai-Regular-7ccce86603f80a099ddb0cb21d4ae3e3-DYT8zuBS.woff2     [39m[1m[2m   54.44 kB[22m[1m[22m
# [2m.e2e/interactive-live-build/[22m[32massets/Xiaolai-Regular-dbea1af6dcd9860be40c3d18254338f5-DaxMnA87.woff2     [39m[1m[2m   54.47 kB[22m[1m[22m
# [2m.e2e/interactive-live-build/[22m[32massets/Xiaolai-Regular-642b26e2e5f5fb780b51b593dbc8c851-aDynz8WJ.woff2     [39m[1m[2m   54.54 kB[22m[1m[22m
# [2m.e2e/interactive-live-build/[22m[32massets/Xiaolai-Regular-5330a2119a716e4e7224ed108b085dac-DLHuUpCJ.woff2     [39m[1m[2m   54.60 kB[22m[1m[22m
# [2m.e2e/interactive-live-build/[22m[32massets/Xiaolai-Regular-3717077e38f98d89eae729b6c14e56dc-Cl5hf5Gu.woff2     [39m[1m[2m   54.63 kB[22m[1m[22m
# [2m.e2e/interactive-live-build/[22m[32massets/Xiaolai-Regular-7a07ddc0f0c0f5f4a9bad6ee3dda66b5-muaIVjGr.woff2     [39m[1m[2m   54.72 kB[22m[1m[22m
# [2m.e2e/interactive-live-build/[22m[32massets/Xiaolai-Regular-9cfb2a77a4e45025105ad29a1748b90d-Qv9a4Fc8.woff2     [39m[1m[2m   54.72 kB[22m[1m[22m
# [2m.e2e/interactive-live-build/[22m[32massets/Xiaolai-Regular-23f228f3999c01983860012330e4be08-Dp04nUAL.woff2     [39m[1m[2m   54.73 kB[22m[1m[22m
# [2m.e2e/interactive-live-build/[22m[32massets/Xiaolai-Regular-7718fe60986d8b42b1be9c5ace5ccf25-DX1GSUc5.woff2     [39m[1m[2m   54.87 kB[22m[1m[22m
# [2m.e2e/interactive-live-build/[22m[32massets/Xiaolai-Regular-aa5c9ca6cf4fba00433b7aa3fa10671a-Bj5H4-IL.woff2     [39m[1m[2m   54.89 kB[22m[1m[22m
# [2m.e2e/interactive-live-build/[22m[32massets/Xiaolai-Regular-968cffdc8ee679da094e77ebf50f58ef-DphJr-Hf.woff2     [39m[1m[2m   54.96 kB[22m[1m[22m
# [2m.e2e/interactive-live-build/[22m[32massets/Xiaolai-Regular-9544732d2e62d1a429674f8ee41b5d3a-BaDZtDqe.woff2     [39m[1m[2m   55.05 kB[22m[1m[22m
# [2m.e2e/interactive-live-build/[22m[32massets/Xiaolai-Regular-06c77b8c66e51ed6c63ccb502dd8b8af-1FyG5Ivq.woff2     [39m[1m[2m   55.11 kB[22m[1m[22m
# [2m.e2e/interactive-live-build/[22m[32massets/Xiaolai-Regular-f2b54d4e7be0eaefe1c2c56836fa5368-CSLTOWqO.woff2     [39m[1m[2m   55.18 kB[22m[1m[22m
# [2m.e2e/interactive-live-build/[22m[32massets/Xiaolai-Regular-54acdfc2166ad7fcbd074f75fd4a56ba-BXjFfWgz.woff2     [39m[1m[2m   55.29 kB[22m[1m[22m
# [2m.e2e/interactive-live-build/[22m[32massets/Xiaolai-Regular-6fe5c5973cc06f74b2387a631ea36b88-D4XbZvS1.woff2     [39m[1m[2m   55.70 kB[22m[1m[22m
# [2m.e2e/interactive-live-build/[22m[32massets/Xiaolai-Regular-093b9ef39a46ceae95a1df18a0a3a326-Dz38OfKx.woff2     [39m[1m[2m   55.71 kB[22m[1m[22m
# [2m.e2e/interactive-live-build/[22m[32massets/Xiaolai-Regular-e5f453bb04da18eed01675eeebd88bf8-Dd7gBkJd.woff2     [39m[1m[2m   55.83 kB[22m[1m[22m
# [2m.e2e/interactive-live-build/[22m[32massets/Xiaolai-Regular-cd145ce4a0ea18469358df53c207bc1b-B_Gy08DW.woff2     [39m[1m[2m   55.96 kB[22m[1m[22m
# [2m.e2e/interactive-live-build/[22m[32massets/Xiaolai-Regular-ac9ceb44437becc3e9c4dbfebab7fc2d-CHo95gRn.woff2     [39m[1m[2m   55.99 kB[22m[1m[22m
# [2m.e2e/interactive-live-build/[22m[32massets/Xiaolai-Regular-1fdc0c67ed57263a80fd108c1f6ccf24-DoICQ1xS.woff2     [39m[1m[2m   56.00 kB[22m[1m[22m
# [2m.e2e/interactive-live-build/[22m[32massets/Xiaolai-Regular-13ae07ed2e272d26d59bc0691cd7117a-DyG0IaBy.woff2     [39m[1m[2m   56.14 kB[22m[1m[22m
# [2m.e2e/interactive-live-build/[22m[32massets/Xiaolai-Regular-7ab2bed91166a9dca83a5ebfbe2a7f38-CqBj-Qda.woff2     [39m[1m[2m   56.23 kB[22m[1m[22m
# [2m.e2e/interactive-live-build/[22m[32massets/Xiaolai-Regular-91ddb2969bf2d31ba02ad82998d1314c-Bqis6-fO.woff2     [39m[1m[2m   56.28 kB[22m[1m[22m
# [2m.e2e/interactive-live-build/[22m[32massets/Xiaolai-Regular-99a16ef6a64934d5781933dbd9c46b2e-Bh6otvMw.woff2     [39m[1m[2m   56.30 kB[22m[1m[22m
# [2m.e2e/interactive-live-build/[22m[32massets/Xiaolai-Regular-5d2898fbc097a7e24c6f38d80587621e-NT0paPap.woff2     [39m[1m[2m   56.35 kB[22m[1m[22m
# [2m.e2e/interactive-live-build/[22m[32massets/Xiaolai-Regular-aa0d470430e6391eca720c7cfa44446f-D6T8ixw4.woff2     [39m[1m[2m   56.53 kB[22m[1m[22m
# [2m.e2e/interactive-live-build/[22m[32massets/Xiaolai-Regular-21430ee05a1248901da8d0de08744d47-Dlud8_SW.woff2     [39m[1m[2m   56.66 kB[22m[1m[22m
# [2m.e2e/interactive-live-build/[22m[32massets/Xiaolai-Regular-4f50e5136e136527280bc902c5817561-99JNeEWV.woff2     [39m[1m[2m   56.58 kB[22m[1m[22m
# [2m.e2e/interactive-live-build/[22m[32massets/Xiaolai-Regular-e11567fd2accf9957cd0d3c2be937d87-C8FP60-W.woff2     [39m[1m[2m   56.44 kB[22m[1m[22m
# [2m.e2e/interactive-live-build/[22m[32massets/Xiaolai-Regular-6f3256af8454371776bc46670d33cc65-Dvbx_4Bw.woff2     [39m[1m[2m   56.50 kB[22m[1m[22m
# [2m.e2e/interactive-live-build/[22m[32massets/Xiaolai-Regular-c40533fdf4cc57177b12803598af7e59-D4Ealvhp.woff2     [39m[1m[2m   56.69 kB[22m[1m[22m
# [2m.e2e/interactive-live-build/[22m[32massets/Xiaolai-Regular-87599f94b6cc129d505b375798d0d751-CDmW2qxZ.woff2     [39m[1m[2m   56.75 kB[22m[1m[22m
# [2m.e2e/interactive-live-build/[22m[32massets/Xiaolai-Regular-c16ed9740b85badf16e86ea782a3062f-DXOGpILP.woff2     [39m[1m[2m   56.80 kB[22m[1m[22m
# [2m.e2e/interactive-live-build/[22m[32massets/Xiaolai-Regular-d2666cbed13462c5dc36fa2f15c202ca-LVJkJYDK.woff2     [39m[1m[2m   56.82 kB[22m[1m[22m
# [2m.e2e/interactive-live-build/[22m[32massets/Xiaolai-Regular-a0ca5df4258213d7fc9fce80f65ce760-CT6hW-Vs.woff2     [39m[1m[2m   56.84 kB[22m[1m[22m
# [2m.e2e/interactive-live-build/[22m[32massets/Xiaolai-Regular-20cc1bbf50e7efb442756cb605672c1f-CBSpKsgx.woff2     [39m[1m[2m   56.93 kB[22m[1m[22m
# [2m.e2e/interactive-live-build/[22m[32massets/Xiaolai-Regular-684d65f1793cac449dde5d59cb3c47fb-R45B_P5q.woff2     [39m[1m[2m   56.99 kB[22m[1m[22m
# [2m.e2e/interactive-live-build/[22m[32massets/Xiaolai-Regular-5572b3513ba8df57a3d5d7303ee6b11b-DXLuSVir.woff2     [39m[1m[2m   57.02 kB[22m[1m[22m
# [2m.e2e/interactive-live-build/[22m[32massets/Xiaolai-Regular-70e811fd7994e61f408c923de6ddd078-BBqqndEV.woff2     [39m[1m[2m   57.03 kB[22m[1m[22m
# [2m.e2e/interactive-live-build/[22m[32massets/Xiaolai-Regular-12b52b58eb3df36804b9a654ec9ee194-wvU-ONA_.woff2     [39m[1m[2m   57.15 kB[22m[1m[22m
# [2m.e2e/interactive-live-build/[22m[32massets/Xiaolai-Regular-761d05e3cd968cf574166867998ef06a-CZFfuY-d.woff2     [39m[1m[2m   57.28 kB[22m[1m[22m
# [2m.e2e/interactive-live-build/[22m[32massets/Xiaolai-Regular-1e6fd68f1f3902ce48ce8c69df385622-DGzb6yKi.woff2     [39m[1m[2m   57.38 kB[22m[1m[22m
# [2m.e2e/interactive-live-build/[22m[32massets/Xiaolai-Regular-cf2cc71752631e579e35b0e423bf2638-rw5kSffK.woff2     [39m[1m[2m   57.42 kB[22m[1m[22m
# [2m.e2e/interactive-live-build/[22m[32massets/Xiaolai-Regular-774d4f764a1299da5d28ec2f2ffe0d69-DFvc_KBt.woff2     [39m[1m[2m   57.50 kB[22m[1m[22m
# [2m.e2e/interactive-live-build/[22m[32massets/Xiaolai-Regular-56a32a7689abd0326e57c10c6c069bb4-DKLxWxQ9.woff2     [39m[1m[2m   57.70 kB[22m[1m[22m
# [2m.e2e/interactive-live-build/[22m[32massets/Xiaolai-Regular-51502f1206be09c565f1547c406e9558-CPAuIUuC.woff2     [39m[1m[2m   57.74 kB[22m[1m[22m
# [2m.e2e/interactive-live-build/[22m[32massets/Xiaolai-Regular-98f2ad84457de7f3740d9920b8fa8667-XAyjv85k.woff2     [39m[1m[2m   57.78 kB[22m[1m[22m
# [2m.e2e/interactive-live-build/[22m[32massets/Xiaolai-Regular-3c9de2ae0ea4bc91a510942dfa4be8d2-pAEHE2sG.woff2     [39m[1m[2m   58.04 kB[22m[1m[22m
# [2m.e2e/interactive-live-build/[22m[32massets/Xiaolai-Regular-2d43040e86ff03ba677f6f9c04cd0805-P1nHHNOe.woff2     [39m[1m[2m   58.09 kB[22m[1m[22m
# [2m.e2e/interactive-live-build/[22m[32massets/Xiaolai-Regular-2adbc89c11e65905393d3dfc468b9d5b-CyGgH9ZL.woff2     [39m[1m[2m   58.26 kB[22m[1m[22m
# [2m.e2e/interactive-live-build/[22m[32massets/Xiaolai-Regular-95429962233afd82db1c27df1500a28c-BOD8NMmf.woff2     [39m[1m[2m   58.35 kB[22m[1m[22m
# [2m.e2e/interactive-live-build/[22m[32massets/Xiaolai-Regular-5a7fac4b8b23a6e4e5ba0c9bf1756c91-CjrL9S9S.woff2     [39m[1m[2m   58.40 kB[22m[1m[22m
# [2m.e2e/interactive-live-build/[22m[32massets/Xiaolai-Regular-019d66dcad46dc156b162d267f981c20--ng5YhL1.woff2     [39m[1m[2m   58.58 kB[22m[1m[22m
# [2m.e2e/interactive-live-build/[22m[32massets/Xiaolai-Regular-ba3de316d63c7e339987b16f41a0b879-BVZpoS1j.woff2     [39m[1m[2m   58.73 kB[22m[1m[22m
# [2m.e2e/interactive-live-build/[22m[32massets/Xiaolai-Regular-f0f13b5c60e0af5553bd359f5513be1b-D5XEMqoO.woff2     [39m[1m[2m   58.78 kB[22m[1m[22m
# [2m.e2e/interactive-live-build/[22m[32massets/Xiaolai-Regular-b1220a3c61f85cc0408deedb4c5f57a2-Cg5napYa.woff2     [39m[1m[2m   58.92 kB[22m[1m[22m
# [2m.e2e/interactive-live-build/[22m[32massets/Xiaolai-Regular-e480d9c614742d05f0e78f274f1e69e6-BIMxIjlk.woff2     [39m[1m[2m   58.96 kB[22m[1m[22m
# [2m.e2e/interactive-live-build/[22m[32massets/Xiaolai-Regular-58fd02350d0bc52cf1ca3bb32ce9766e-CSOGA1MS.woff2     [39m[1m[2m   58.97 kB[22m[1m[22m
# [2m.e2e/interactive-live-build/[22m[32massets/Xiaolai-Regular-e2ead7ea7da0437f085f42ffc05f8d13-IVEFJWhf.woff2     [39m[1m[2m   58.97 kB[22m[1m[22m
# [2m.e2e/interactive-live-build/[22m[32massets/Xiaolai-Regular-5b0ed6971aaab9c8ad563230bd5471a7-BwoEwHC3.woff2     [39m[1m[2m   58.98 kB[22m[1m[22m
# [2m.e2e/interactive-live-build/[22m[32massets/Xiaolai-Regular-4a0fdb40036e87b40aa08dd30584cb85-DkU1vQUn.woff2     [39m[1m[2m   59.28 kB[22m[1m[22m
# [2m.e2e/interactive-live-build/[22m[32massets/Xiaolai-Regular-e4bca6cfa53e499cae0a6be4894a90e9-3nXTr6rh.woff2     [39m[1m[2m   59.35 kB[22m[1m[22m
# [2m.e2e/interactive-live-build/[22m[32massets/Xiaolai-Regular-7197d6fda6cba7c3874c53d6381ca239-DmV0suSY.woff2     [39m[1m[2m   59.46 kB[22m[1m[22m
# [2m.e2e/interactive-live-build/[22m[32massets/Xiaolai-Regular-2cf96d082d35ea3d8106851223ad0d16-FhQpdGIu.woff2     [39m[1m[2m   59.52 kB[22m[1m[22m
# [2m.e2e/interactive-live-build/[22m[32massets/Xiaolai-Regular-60a41c7e1c68f22424e6d22df544bc82-BoWJxPNW.woff2     [39m[1m[2m   59.58 kB[22m[1m[22m
# [2m.e2e/interactive-live-build/[22m[32massets/Xiaolai-Regular-4bfaa8ffa64c5ee560aa2daba7c9cbd3-VO85AMZO.woff2     [39m[1m[2m   59.83 kB[22m[1m[22m
# [2m.e2e/interactive-live-build/[22m[32massets/Xiaolai-Regular-544fc28abe2c5c30e62383fd4dac255f-BM5xhwXP.woff2     [39m[1m[2m   59.88 kB[22m[1m[22m
# [2m.e2e/interactive-live-build/[22m[32massets/Xiaolai-Regular-7e929f262f30c8ee78bf398150b1a7cd-Df7H3giT.woff2     [39m[1m[2m   59.98 kB[22m[1m[22m
# [2m.e2e/interactive-live-build/[22m[32massets/Xiaolai-Regular-982b630266d87db93d2539affb1275c6-CFRzRvRC.woff2     [39m[1m[2m   62.29 kB[22m[1m[22m
# [2m.e2e/interactive-live-build/[22m[32massets/Xiaolai-Regular-c1f94158256bb1f3bf665b053d895af9-BXjTNLYa.woff2     [39m[1m[2m   62.24 kB[22m[1m[22m
# [2m.e2e/interactive-live-build/[22m[32massets/Xiaolai-Regular-d3716376641d615e2995605b29bca7b6-DhZcpdHo.woff2     [39m[1m[2m   61.64 kB[22m[1m[22m
# [2m.e2e/interactive-live-build/[22m[32massets/Xiaolai-Regular-ee8bae97908d5147b423f77ad0d3c1bb-BVUlCPsw.woff2     [39m[1m[2m   61.72 kB[22m[1m[22m
# [2m.e2e/interactive-live-build/[22m[32massets/Xiaolai-Regular-b5c1596551c256e0e9cf02028595b092-xiki3FDZ.woff2     [39m[1m[2m   60.13 kB[22m[1m[22m
# [2m.e2e/interactive-live-build/[22m[32massets/Xiaolai-Regular-e3fcf5180fd466c8915c4e8069491054-ByA6SUO_.woff2     [39m[1m[2m   60.61 kB[22m[1m[22m
# [2m.e2e/interactive-live-build/[22m[32massets/Xiaolai-Regular-9eb5a99df4e76ac3363453ac9ca288b1-DmMSd5xT.woff2     [39m[1m[2m   60.80 kB[22m[1m[22m
# [2m.e2e/interactive-live-build/[22m[32massets/Xiaolai-Regular-36925dfe329a45086cbb7fc5c20d45ac-B8ozVdIh.woff2     [39m[1m[2m   60.90 kB[22m[1m[22m
# [2m.e2e/interactive-live-build/[22m[32massets/Xiaolai-Regular-112c051027b2d766c19a519f6ee1f4f7-BiGIv8Hz.woff2     [39m[1m[2m   61.16 kB[22m[1m[22m
# [2m.e2e/interactive-live-build/[22m[32massets/Xiaolai-Regular-b6d128682ee29e471486354d486a1b90-DH244Txe.woff2     [39m[1m[2m   61.38 kB[22m[1m[22m
# [2m.e2e/interactive-live-build/[22m[32massets/Xiaolai-Regular-603aefd23e350ba7eb124273e3c9bcf1-BYoHqIbm.woff2     [39m[1m[2m   61.51 kB[22m[1m[22m
# [2m.e2e/interactive-live-build/[22m[32massets/Xiaolai-Regular-903bb6865f3452e2fda42e3a25547bc5-Bz4zUyIJ.woff2     [39m[1m[2m   61.53 kB[22m[1m[22m
# [2m.e2e/interactive-live-build/[22m[32massets/Xiaolai-Regular-73e309718fd16cea44b4d54a33581811-Bgi9wxzs.woff2     [39m[1m[2m   61.81 kB[22m[1m[22m
# [2m.e2e/interactive-live-build/[22m[32massets/Xiaolai-Regular-726303e0774b4e678bff8c2deb6ca603-6tgHIrFH.woff2     [39m[1m[2m   62.38 kB[22m[1m[22m
# [2m.e2e/interactive-live-build/[22m[32massets/Xiaolai-Regular-56467a5c8840c4d23a60b2f935114848-B_Gij8P8.woff2     [39m[1m[2m   62.45 kB[22m[1m[22m
# [2m.e2e/interactive-live-build/[22m[32massets/Xiaolai-Regular-4aca6a43e59aceee2166b0c7e4e85ef1-C01jEbNZ.woff2     [39m[1m[2m   62.67 kB[22m[1m[22m
# [2m.e2e/interactive-live-build/[22m[32massets/Xiaolai-Regular-0f626226ba1272e832aea87bafd9720e-_NF7pkOz.woff2     [39m[1m[2m   62.82 kB[22m[1m[22m
# [2m.e2e/interactive-live-build/[22m[32massets/Xiaolai-Regular-24476a126f129212beb33f66853ea151-CDbhuij5.woff2     [39m[1m[2m   62.84 kB[22m[1m[22m
# [2m.e2e/interactive-live-build/[22m[32massets/Xiaolai-Regular-a4c34be6d42152e64b0df90bc4607f64-dx_ow7yL.woff2     [39m[1m[2m   62.92 kB[22m[1m[22m
# [2m.e2e/interactive-live-build/[22m[32massets/Xiaolai-Regular-c8b71798409ccc126ee264a00aadcf21-CqUaHeHR.woff2     [39m[1m[2m   63.21 kB[22m[1m[22m
# [2m.e2e/interactive-live-build/[22m[32massets/Xiaolai-Regular-57862b464a55b18c7bf234ce22907d73-CTU7oQrI.woff2     [39m[1m[2m   63.26 kB[22m[1m[22m
# [2m.e2e/interactive-live-build/[22m[32massets/Xiaolai-Regular-2a26d20a23b00898ce82f09d2ee47c3f-DPPTIdnV.woff2     [39m[1m[2m   63.39 kB[22m[1m[22m
# [2m.e2e/interactive-live-build/[22m[32massets/Xiaolai-Regular-cbaaefaaf326668277aa24dfa93c4d28-BiJWP4PP.woff2     [39m[1m[2m   63.47 kB[22m[1m[22m
# [2m.e2e/interactive-live-build/[22m[32massets/Xiaolai-Regular-70c2eb8d64e71a42a834eb857ea9df51-B8Q8dLrh.woff2     [39m[1m[2m   63.52 kB[22m[1m[22m
# [2m.e2e/interactive-live-build/[22m[32massets/Xiaolai-Regular-069e77aac84590e2e991d0a0176d34f2-UpJa-tL5.woff2     [39m[1m[2m   63.96 kB[22m[1m[22m
# [2m.e2e/interactive-live-build/[22m[32massets/Xiaolai-Regular-8c2f33cee3993174f7e87c28e4bf42ee-COlFQ_za.woff2     [39m[1m[2m   64.16 kB[22m[1m[22m
# [2m.e2e/interactive-live-build/[22m[32massets/Xiaolai-Regular-bafff7a14c27403dcc6cf1432e8ea836-jMZ8zBn3.woff2     [39m[1m[2m   64.20 kB[22m[1m[22m
# [2m.e2e/interactive-live-build/[22m[32massets/Xiaolai-Regular-a365e82ed54697a52f27adcea1315fe8-BetXsMK2.woff2     [39m[1m[2m   62.77 kB[22m[1m[22m
# [2m.e2e/interactive-live-build/[22m[32massets/Xiaolai-Regular-11c345711937f0ba4b8f7b6b919c8440-D_B67cIm.woff2     [39m[1m[2m   62.79 kB[22m[1m[22m
# [2m.e2e/interactive-live-build/[22m[32massets/Xiaolai-Regular-543fa46ace099a7099dad69123399400-Br7yvPzX.woff2     [39m[1m[2m   66.36 kB[22m[1m[22m
# [2m.e2e/interactive-live-build/[22m[32massets/Xiaolai-Regular-6ae5b42180ad70b971c91e7eefb8eba2-BKomNj9m.woff2     [39m[1m[2m   64.30 kB[22m[1m[22m
# [2m.e2e/interactive-live-build/[22m[32massets/Xiaolai-Regular-c69f61a4ab18d0488c8d1fc12e7028e8-Da9RJiGz.woff2     [39m[1m[2m   64.32 kB[22m[1m[22m
# [2m.e2e/interactive-live-build/[22m[32massets/Xiaolai-Regular-79f007c1c6d07557120982951ea67998-P9vwfW59.woff2     [39m[1m[2m   64.32 kB[22m[1m[22m
# [2m.e2e/interactive-live-build/[22m[32massets/Xiaolai-Regular-13d2887ec8ee73c43acdabc52a05af7b-INMPDEA4.woff2     [39m[1m[2m   64.44 kB[22m[1m[22m
# [2m.e2e/interactive-live-build/[22m[32massets/Xiaolai-Regular-93fc8f28a33234bcadf1527cafabd502-BHNEsYyK.woff2     [39m[1m[2m   64.54 kB[22m[1m[22m
# [2m.e2e/interactive-live-build/[22m[32massets/Xiaolai-Regular-66493ba5a8367f2928812f446f47b56a-De2P_-o1.woff2     [39m[1m[2m   64.59 kB[22m[1m[22m
# [2m.e2e/interactive-live-build/[22m[32massets/Xiaolai-Regular-1b611157cd46bb184d4fa4dae2d6a2b8-C33wfJzC.woff2     [39m[1m[2m   64.83 kB[22m[1m[22m
# [2m.e2e/interactive-live-build/[22m[32massets/Xiaolai-Regular-671a2c20b1eb9e4ef8a192833940e319-DWgMdwez.woff2     [39m[1m[2m   64.87 kB[22m[1m[22m
# [2m.e2e/interactive-live-build/[22m[32massets/Xiaolai-Regular-3cc70dbb64df5b21f1326cc24dee2195-D2ESX3iw.woff2     [39m[1m[2m   64.94 kB[22m[1m[22m
# [2m.e2e/interactive-live-build/[22m[32massets/Xiaolai-Regular-7e4bde7e9c7f84cd34d8a845e384c746-CY7aQsOr.woff2     [39m[1m[2m   65.00 kB[22m[1m[22m
# [2m.e2e/interactive-live-build/[22m[32massets/Xiaolai-Regular-97f7f48ce90c9429bf32ae51469db74d-B_Yo-75I.woff2     [39m[1m[2m   65.02 kB[22m[1m[22m
# [2m.e2e/interactive-live-build/[22m[32massets/Xiaolai-Regular-09850c4077f3fffe707905872e0e2460-BUsveLop.woff2     [39m[1m[2m   65.05 kB[22m[1m[22m
# [2m.e2e/interactive-live-build/[22m[32massets/Xiaolai-Regular-8f476c4c99813d57cbe6eca4727388ad-D8Agzw0q.woff2     [39m[1m[2m   65.08 kB[22m[1m[22m
# [2m.e2e/interactive-live-build/[22m[32massets/Xiaolai-Regular-69c09cc5fa3e55c74fc4821f76909cc3-DShxBpgc.woff2     [39m[1m[2m   65.17 kB[22m[1m[22m
# [2m.e2e/interactive-live-build/[22m[32massets/Xiaolai-Regular-7494dc504ae00ee9cd0505f990f88c5d-DFW79wrT.woff2     [39m[1m[2m   65.46 kB[22m[1m[22m
# [2m.e2e/interactive-live-build/[22m[32massets/Xiaolai-Regular-ce4884f96f11589608b76b726a755803-DykwPGPo.woff2     [39m[1m[2m   65.55 kB[22m[1m[22m
# [2m.e2e/interactive-live-build/[22m[32massets/Xiaolai-Regular-a203b91dad570bf05a58c3c3ddb529bf-CooKDCDC.woff2     [39m[1m[2m   65.68 kB[22m[1m[22m
# [2m.e2e/interactive-live-build/[22m[32massets/Xiaolai-Regular-25b7f38e18f035f96cb5e547bd2bd08c-BqNQjXDu.woff2     [39m[1m[2m   65.84 kB[22m[1m[22m
# [2m.e2e/interactive-live-build/[22m[32massets/Xiaolai-Regular-0fa55a080fcd0f9dc2e0b0058b793df8-DUCJAQ8t.woff2     [39m[1m[2m   65.88 kB[22m[1m[22m
# [2m.e2e/interactive-live-build/[22m[32massets/Xiaolai-Regular-04b718e5623574919c8b0dea5f301444-DVmpwAT_.woff2     [39m[1m[2m   65.93 kB[22m[1m[22m
# [2m.e2e/interactive-live-build/[22m[32massets/Xiaolai-Regular-a004ddfcb26e67bd6e678c8ed19e25ce-D1-58AFU.woff2     [39m[1m[2m   66.01 kB[22m[1m[22m
# [2m.e2e/interactive-live-build/[22m[32massets/Xiaolai-Regular-24a21c1e4449222e8d1898d69ff3a404-Du4Tdt_c.woff2     [39m[1m[2m   66.07 kB[22m[1m[22m
# [2m.e2e/interactive-live-build/[22m[32massets/Xiaolai-Regular-4ddc14ed3eb0c3e46364317dfc0144a3-8XYGXkgK.woff2     [39m[1m[2m   66.14 kB[22m[1m[22m
# [2m.e2e/interactive-live-build/[22m[32massets/Xiaolai-Regular-a7accba310e821da5505f71c03b76bdb-BKwpaO5_.woff2     [39m[1m[2m   66.15 kB[22m[1m[22m
# [2m.e2e/interactive-live-build/[22m[32massets/Xiaolai-Regular-b96d9226ce77ec94ceca043d712182e6-CXE-0LqQ.woff2     [39m[1m[2m   66.24 kB[22m[1m[22m
# [2m.e2e/interactive-live-build/[22m[32massets/Xiaolai-Regular-8e9f97f01034820170065b2921b4fb5e-CiuljCyr.woff2     [39m[1m[2m   67.73 kB[22m[1m[22m
# [2m.e2e/interactive-live-build/[22m[32massets/Xiaolai-Regular-f5d079153c99a25b9be5b8583c4cc8a7-DOWF0G8S.woff2     [39m[1m[2m   67.66 kB[22m[1m[22m
# [2m.e2e/interactive-live-build/[22m[32massets/Xiaolai-Regular-b358f7a51ece39a3247942b1feabdb29-DcXJ4EOb.woff2     [39m[1m[2m   67.92 kB[22m[1m[22m
# [2m.e2e/interactive-live-build/[22m[32massets/Xiaolai-Regular-29cec36cd205b211da97acabaa62f055-ASJmclkg.woff2     [39m[1m[2m   66.50 kB[22m[1m[22m
# [2m.e2e/interactive-live-build/[22m[32massets/Xiaolai-Regular-72536a3d71b694a0d53dd90ddceae41e-BRNq3of2.woff2     [39m[1m[2m   67.27 kB[22m[1m[22m
# [2m.e2e/interactive-live-build/[22m[32massets/Xiaolai-Regular-23ad2d71b280f00b1363b95b7bea94eb-CWNdSzDH.woff2     [39m[1m[2m   68.32 kB[22m[1m[22m
# [2m.e2e/interactive-live-build/[22m[32massets/Xiaolai-Regular-4dc6d5f188d5c96d44815cd1e81aa885-BlDy-N61.woff2     [39m[1m[2m   68.58 kB[22m[1m[22m
# [2m.e2e/interactive-live-build/[22m[32massets/Xiaolai-Regular-4535823663ad81405188a528d8f2b1a2-Dp0AnvC2.woff2     [39m[1m[2m   68.59 kB[22m[1m[22m
# [2m.e2e/interactive-live-build/[22m[32massets/Xiaolai-Regular-4ee10ae43505e2e0bc62656ced49c0fa-D_An8dTW.woff2     [39m[1m[2m   68.76 kB[22m[1m[22m
# [2m.e2e/interactive-live-build/[22m[32massets/Xiaolai-Regular-10a7ae9a371830a80c3d844acf1c02d7-DYzWTkBs.woff2     [39m[1m[2m   68.91 kB[22m[1m[22m
# [2m.e2e/interactive-live-build/[22m[32massets/Xiaolai-Regular-41521fade99856108931b4768b1b2648-zfoWCXW-.woff2     [39m[1m[2m   68.21 kB[22m[1m[22m
# [2m.e2e/interactive-live-build/[22m[32massets/Xiaolai-Regular-23686f7f29da6e8008c36dd3a80c83d6-z8BxibDJ.woff2     [39m[1m[2m   68.95 kB[22m[1m[22m
# [2m.e2e/interactive-live-build/[22m[32massets/Xiaolai-Regular-3e1f8f654357353bf0e04ba5c34b5f7f-C8RFwjKr.woff2     [39m[1m[2m   69.02 kB[22m[1m[22m
# [2m.e2e/interactive-live-build/[22m[32massets/Xiaolai-Regular-5935a5775af3d5c6307ac667bd9ae74e-CEy4fyLt.woff2     [39m[1m[2m   69.34 kB[22m[1m[22m
# [2m.e2e/interactive-live-build/[22m[32massets/Xiaolai-Regular-f56414bf9bced67990def8660e306759-BhdNe6yT.woff2     [39m[1m[2m   69.36 kB[22m[1m[22m
# [2m.e2e/interactive-live-build/[22m[32massets/Xiaolai-Regular-2e33e8dc771ef5e1d9127d60a6b73679-DaWsAHu4.woff2     [39m[1m[2m   69.78 kB[22m[1m[22m
# [2m.e2e/interactive-live-build/[22m[32massets/Xiaolai-Regular-095c169f3314805276f603a362766abd-x6BO_Oyy.woff2     [39m[1m[2m   69.97 kB[22m[1m[22m
# [2m.e2e/interactive-live-build/[22m[32massets/Xiaolai-Regular-583d166e56ba0de4b77eabb47ef67839-DftKZHfW.woff2     [39m[1m[2m   70.36 kB[22m[1m[22m
# [2m.e2e/interactive-live-build/[22m[32massets/Xiaolai-Regular-8de5b863cb50dfefdd07cb11c774d579-B2Svs0Cp.woff2     [39m[1m[2m   70.72 kB[22m[1m[22m
# [2m.e2e/interactive-live-build/[22m[32massets/Xiaolai-Regular-95bfd249da4902577b4b7d76ebdd0b44-DJ99d5J9.woff2     [39m[1m[2m   70.94 kB[22m[1m[22m
# [2m.e2e/interactive-live-build/[22m[32massets/Xiaolai-Regular-3eaa538115d76932653c21d8dc28f207-RyXogWdy.woff2     [39m[1m[2m   70.94 kB[22m[1m[22m
# [2m.e2e/interactive-live-build/[22m[32massets/Xiaolai-Regular-bd77e3c7f9e0b072d96af37f73d1aa32-C26w6Bzb.woff2     [39m[1m[2m   71.26 kB[22m[1m[22m
# [2m.e2e/interactive-live-build/[22m[32massets/Xiaolai-Regular-452225341522a7942f0f6aab1a5c91a3-BItH6NkO.woff2     [39m[1m[2m   71.64 kB[22m[1m[22m
# [2m.e2e/interactive-live-build/[22m[32massets/Xiaolai-Regular-b57aaedfd8ebdf3931f25119dc6a5eb2-Jpbm8DAm.woff2     [39m[1m[2m   71.98 kB[22m[1m[22m
# [2m.e2e/interactive-live-build/[22m[32massets/Xiaolai-Regular-5882ffa04f32584d26109137e2da4352-DJQgQUHU.woff2     [39m[1m[2m   73.29 kB[22m[1m[22m
# [2m.e2e/interactive-live-build/[22m[32massets/Xiaolai-Regular-d0cf73942fea1c74edbdf0b3011f4656-DPlqnxc1.woff2     [39m[1m[2m   73.39 kB[22m[1m[22m
# [2m.e2e/interactive-live-build/[22m[32massets/Xiaolai-Regular-173945821411c09f70c95f98d590e697-B7fq8LyN.woff2     [39m[1m[2m   73.58 kB[22m[1m[22m
# [2m.e2e/interactive-live-build/[22m[32massets/Xiaolai-Regular-3e63ed8162808a9e425ed80a8bc79114-DU58dBuz.woff2     [39m[1m[2m   73.70 kB[22m[1m[22m
# [2m.e2e/interactive-live-build/[22m[32massets/Xiaolai-Regular-e51ef413167c6e14e0c0fdcc585f2fc9-CqK-7_-R.woff2     [39m[1m[2m   73.90 kB[22m[1m[22m
# [2m.e2e/interactive-live-build/[22m[32massets/Xiaolai-Regular-395c35dd584b56b0789f58a0559beaf1-6rT349CV.woff2     [39m[1m[2m   73.93 kB[22m[1m[22m
# [2m.e2e/interactive-live-build/[22m[32massets/Xiaolai-Regular-0f7fb1e0d5015bb1371343153ecf7ce3-DDSgvIvg.woff2     [39m[1m[2m   75.56 kB[22m[1m[22m
# [2m.e2e/interactive-live-build/[22m[32massets/Xiaolai-Regular-203b0e569e3b14aac86a003dc3fa523e-BV5OlbX8.woff2     [39m[1m[2m   75.22 kB[22m[1m[22m
# [2m.e2e/interactive-live-build/[22m[32massets/Xiaolai-Regular-20e7bf72fa05de9adf7dbcc7bf51dde6-ta1Pyi_c.woff2     [39m[1m[2m   72.22 kB[22m[1m[22m
# [2m.e2e/interactive-live-build/[22m[32massets/Xiaolai-Regular-6e092f71c1e634059ada0e52abadce67-BjEU8N4B.woff2     [39m[1m[2m   72.24 kB[22m[1m[22m
# [2m.e2e/interactive-live-build/[22m[32massets/Xiaolai-Regular-52a84a22fd1369bffeaf21da2d6158dc-CnByBwne.woff2     [39m[1m[2m   72.44 kB[22m[1m[22m
# [2m.e2e/interactive-live-build/[22m[32massets/Xiaolai-Regular-866fa7613df6b3fd272bcfd4530c0bb9-zSIef9FS.woff2     [39m[1m[2m   73.00 kB[22m[1m[22m
# [2m.e2e/interactive-live-build/[22m[32massets/Xiaolai-Regular-5a45d991244d4c7140217e1e5f5ca4f4-98-Y7C70.woff2     [39m[1m[2m   73.12 kB[22m[1m[22m
# [2m.e2e/interactive-live-build/[22m[32massets/Xiaolai-Regular-4095eb84ef3874e2600247bee0b04026-BWquGSc0.woff2     [39m[1m[2m   76.20 kB[22m[1m[22m
# [2m.e2e/interactive-live-build/[22m[32massets/Xiaolai-Regular-4a38cc3e9cf104e69ba246d37f8cf135-D1OvtD9u.woff2     [39m[1m[2m   67.89 kB[22m[1m[22m
# [2m.e2e/interactive-live-build/[22m[32massets/Xiaolai-Regular-60a3089806700d379f11827ee9843b6b-BcMf768o.woff2     [39m[1m[2m   73.98 kB[22m[1m[22m
# [2m.e2e/interactive-live-build/[22m[32massets/Xiaolai-Regular-cb17fc3db95f6d139afc9d31a8e93293-C8HBTfH0.woff2     [39m[1m[2m   74.18 kB[22m[1m[22m
# [2m.e2e/interactive-live-build/[22m[32massets/Xiaolai-Regular-c99eda15fc26a2941579560f76c3a5cf-DdGqdS8t.woff2     [39m[1m[2m   76.56 kB[22m[1m[22m
# [2m.e2e/interactive-live-build/[22m[32massets/Xiaolai-Regular-7f855356ab893b0d2b9c1c83b8116f0e-CG5GHAm9.woff2     [39m[1m[2m   77.42 kB[22m[1m[22m
# [33m
# (!) Some chunks are larger than 500 kB after minification. Consider:
# - Using dynamic import() to code-split the application
# - Use build.rollupOptions.output.manualChunks to improve chunking: https://rollupjs.org/configuration-options/\#output-manualchunks
# - Adjust chunk size limit for this warning via build.chunkSizeWarningLimit.[39m
# [2m.e2e/interactive-live-build/[22m[32massets/Xiaolai-Regular-b6fd38ca30869792244804b04bc058da-BWYJNrXl.woff2     [39m[1m[2m   77.47 kB[22m[1m[22m
# [2m.e2e/interactive-live-build/[22m[32massets/Xiaolai-Regular-829615148e6357d826b9242eb7fbbd1e-CQnMGA0L.woff2     [39m[1m[2m   80.18 kB[22m[1m[22m
# [2m.e2e/interactive-live-build/[22m[32massets/Xiaolai-Regular-51a0e808bbc8361236ac521a119758a3-CTKgvLQn.woff2     [39m[1m[2m   81.56 kB[22m[1m[22m
# [2m.e2e/interactive-live-build/[22m[32massets/Xiaolai-Regular-f6032fc06eb20480f096199713f70885-D_kClYIg.woff2     [39m[1m[2m   84.02 kB[22m[1m[22m
# [2m.e2e/interactive-live-build/[22m[35massets/interactive-ui-live-CccAWa9x.css                                    [39m[1m[2m  491.06 kB[22m[1m[22m[2m │ gzip: 106.31 kB[22m
# [2m.e2e/interactive-live-build/[22m[36massets/highlighted-body-KPVGNVTW-ClJNdJSO.js                               [39m[1m[2m    0.48 kB[22m[1m[22m[2m │ gzip:   0.32 kB[22m
# [2m.e2e/interactive-live-build/[22m[36massets/state-D9NtBqAR.js                                                   [39m[1m[2m    1.56 kB[22m[1m[22m[2m │ gzip:   0.69 kB[22m
# [2m.e2e/interactive-live-build/[22m[36massets/state-3VmnPWhd.js                                                   [39m[1m[2m    2.90 kB[22m[1m[22m[2m │ gzip:   1.22 kB[22m
# [2m.e2e/interactive-live-build/[22m[36massets/index-mzWj4Yaa.js                                                   [39m[1m[2m    5.61 kB[22m[1m[22m[2m │ gzip:   2.15 kB[22m
# [2m.e2e/interactive-live-build/[22m[36massets/state-B7hhl2ZL.js                                                   [39m[1m[2m    7.18 kB[22m[1m[22m[2m │ gzip:   2.33 kB[22m
# [2m.e2e/interactive-live-build/[22m[36massets/observability-BgulD7rH.js                                           [39m[1m[2m  190.49 kB[22m[1m[22m[2m │ gzip:  63.91 kB[22m
# [2m.e2e/interactive-live-build/[22m[36massets/interactive-ui-live-BYYnqy3c.js                                     [39m[1m[33m2,454.68 kB[39m[22m[2m │ gzip: 731.17 kB[22m
# [32m✓ built in 59.47s[39m
#   [32m➜[39m  [1mLocal[22m:   [36mhttp://127.0.0.1:[1m52995[22m/[39m
# [1m[30m[46m RUN [49m[39m[22m [36me2e v0.17.0[39m [90mE:\\lyyzka\\LingxiLoop[39m
#       [2mrun 01a11f0a-8c4c-72e5-babe-1851e7e58218 · targets: web[22m
#  [32m✓[39m [30m[103m web [49m[39m e2e/web/interactive-ui-wukong.e2e.ts [2m([22m[2m1 test[22m[2m)[22m [2m10.46s[22m
#    [32m✓[39m Real WuKong interactive UI transport > real personal state survives reload and double clicks produce one durable action [2m10.46s[22m
# [2m Test Files  [22m[1m[32m1 passed[39m[22m[90m (1)[39m
# [2m      Tests  [22m[1m[32m1 passed[39m[22m[90m (1)[39m
# [2m   Start at  [22m13:02:32
# [2m   Duration  [22m15.30s
# [2m     Report  [22martifacts\\interactive-ui\\wukong\\browser\\report.json
# [2m      JUnit  [22martifacts\\interactive-ui\\wukong\\browser\\junit.xml
# [2m   Markdown  [22martifacts\\interactive-ui\\wukong\\browser\\summary.md
# Canvas export validation: not applicable to this selection.
# Subtest: real pinned WuKong reconciles UI and action ACK loss without a second durable message
ok 1 - real pinned WuKong reconciles UI and action ACK loss without a second durable message
  ---
  duration_ms: 127213.5503
  type: 'test'
  ...
1..1
# cancelled 0
# tests 1
# suites 0
# pass 1
# fail 0
# skipped 0
# todo 0
# duration_ms 131635.3754
