[db:migrate] already current · 151ms
[integration] selected 1/54 file(s): closed-education.test.ts
TAP version 13
# Subtest: operator creates no membership; named first teacher administrator admits once
ok 1 - operator creates no membership; named first teacher administrator admits once
  ---
  duration_ms: 6738.9555
  type: 'test'
  ...
# Subtest: students join multiple courses, cannot change identity or cross companies
not ok 2 - students join multiple courses, cannot change identity or cross companies
  ---
  duration_ms: 8431.0495
  type: 'test'
  location: 'E:\\lyyzka\\LingxiLoop\\server\\src\\__integration__\\closed-education.test.ts:3:1972'
  failureType: 'testCodeFailure'
  error: |-
    admission must grant only the invited local Study Room before any async effects run
    + actual - expected

      [
        {
          id: 'room-math',
    +     imMember: false,
    +     roomMember: false
    -     imMember: true,
    -     roomMember: true
        },
        {
          id: 'room-science',
          imMember: false,
          roomMember: false

  code: 'ERR_ASSERTION'
  name: 'AssertionError'
  expected:
    0:
      id: 'room-math'
      roomMember: true
      imMember: true
    1:
      id: 'room-science'
      roomMember: false
      imMember: false
  actual:
    0:
      id: 'room-math'
      roomMember: false
      imMember: false
    1:
      id: 'room-science'
      roomMember: false
      imMember: false
  operator: 'deepStrictEqual'
  stack: |-
    TestContext.<anonymous> (E:\lyyzka\LingxiLoop\server\src\__integration__\closed-education.test.ts:85:10)
    process.processTicksAndRejections (node:internal/process/task_queues:103:5)
    async Test.run (node:internal/test_runner/test:1054:7)
    async Test.processPendingSubtests (node:internal/test_runner/test:744:7)
  ...
# Subtest: database rejects a second live company and in-period identity conversion
ok 3 - database rejects a second live company and in-period identity conversion
  ---
  duration_ms: 8025.2198
  type: 'test'
  ...
# Subtest: shared invitation concurrency respects use count and replay does not consume twice
ok 4 - shared invitation concurrency respects use count and replay does not consume twice
  ---
  duration_ms: 9515.4556
  type: 'test'
  ...
# Subtest: administrator manages unassigned courses; ordinary teacher needs assignment
ok 5 - administrator manages unassigned courses; ordinary teacher needs assignment
  ---
  duration_ms: 9095.5716
  type: 'test'
  ...
# Subtest: last administrator hands over before leaving; course creator can leave and history stays
ok 6 - last administrator hands over before leaving; course creator can leave and history stays
  ---
  duration_ms: 11021.8956
  type: 'test'
  ...
# Subtest: departure invalidates tickets and old invitations; new period never restores other courses
ok 7 - departure invalidates tickets and old invitations; new period never restores other courses
  ---
  duration_ms: 8698.9033
  type: 'test'
  ...
# Subtest: platform suspension cannot be lifted with an invitation
ok 8 - platform suspension cannot be lifted with an invitation
  ---
  duration_ms: 7822.3668
  type: 'test'
  ...
# Subtest: departure fences pending document writes and reminder recipients across readmission
ok 9 - departure fences pending document writes and reminder recipients across readmission
  ---
  duration_ms: 7681.798
  type: 'test'
  ...
# Subtest: emergency operator suspension ends the final administrator period; restoration does not revive it
ok 10 - emergency operator suspension ends the final administrator period; restoration does not revive it
  ---
  duration_ms: 7710.9053
  type: 'test'
  ...
# Subtest: company retains learner history after a new teacher period replaces the course role
ok 11 - company retains learner history after a new teacher period replaces the course role
  ---
  duration_ms: 7659.2693
  type: 'test'
  ...
1..11
# tests 11
# suites 0
# pass 10
# fail 1
# cancelled 0
# skipped 0
# todo 0
# duration_ms 102573.3753
