[db:migrate] already current · 161ms
TAP version 13
# Subtest: course-only companies complete optional context-thread seeding without a default project
not ok 1 - course-only companies complete optional context-thread seeding without a default project
  ---
  duration_ms: 7440.4425
  type: 'test'
  location: 'E:\\lyyzka\\LingxiLoop\\server\\src\\__integration__\\closed-education.test.ts:6:904'
  failureType: 'testCodeFailure'
  error: 'active default Project not found'
  code: 'ERR_TEST_FAILURE'
  stack: |-
    seedMemberLearningContextThreads (E:\lyyzka\LingxiLoop\server\src\modules\context-threads\facade.ts:49:25)
    process.processTicksAndRejections (node:internal/process/task_queues:103:5)
    async TestContext.<anonymous> (E:\lyyzka\LingxiLoop\server\src\__integration__\closed-education.test.ts:106:3)
    async Test.run (node:internal/test_runner/test:1054:7)
    async startSubtestAfterBootstrap (node:internal/test_runner/harness:296:3)
  ...
1..1
# tests 1
# suites 0
# pass 0
# fail 1
# cancelled 0
# skipped 0
# todo 0
# duration_ms 18133.1917
