TAP version 13
# Subtest: projection keeps prose, binds a canonical source and preserves preview identity
ok 1 - projection keeps prose, binds a canonical source and preserves preview identity
  ---
  duration_ms: 40.1915
  type: 'test'
  ...
# Subtest: draft/final malformed blocks fall back locally without exposing source
ok 2 - draft/final malformed blocks fall back locally without exposing source
  ---
  duration_ms: 8.2862
  type: 'test'
  ...
# Subtest: citation source offsets cannot cross or enter a UI block
ok 3 - citation source offsets cannot cross or enter a UI block
  ---
  duration_ms: 2.2588
  type: 'test'
  ...
# Subtest: human UI events are bounded and reject identity/authority injection
ok 4 - human UI events are bounded and reject identity/authority injection
  ---
  duration_ms: 3.1738
  type: 'test'
  ...
# Subtest: projectile uses SI units and lands at the analytic range
ok 5 - projectile uses SI units and lands at the analytic range
  ---
  duration_ms: 103.5356
  type: 'test'
  ...
# Subtest: projectile handles rest, horizontal launches, vertical launches and elevated starts
ok 6 - projectile handles rest, horizontal launches, vertical launches and elevated starts
  ---
  duration_ms: 0.4927
  type: 'test'
  ...
# Subtest: projectile rejects invalid numbers, geometry and work budgets
ok 7 - projectile rejects invalid numbers, geometry and work budgets
  ---
  duration_ms: 0.8048
  type: 'test'
  ...
# Subtest: functionPlot samples polynomials and solves two intersections independently of sampling
ok 8 - functionPlot samples polynomials and solves two intersections independently of sampling
  ---
  duration_ms: 0.7683
  type: 'test'
  ...
# Subtest: functionPlot distinguishes tangency, no intersection, identical curves and off-screen roots
ok 9 - functionPlot distinguishes tangency, no intersection, identical curves and off-screen roots
  ---
  duration_ms: 2.0608
  type: 'test'
  ...
# Subtest: functionPlot rejects malformed curves and unbounded sampling
ok 10 - functionPlot rejects malformed curves and unbounded sampling
  ---
  duration_ms: 0.6465
  type: 'test'
  ...
# Subtest: DCT full reconstruction preserves normalized 8x8 and 16x16 images to 1e-9
ok 11 - DCT full reconstruction preserves normalized 8x8 and 16x16 images to 1e-9
  ---
  duration_ms: 4.7565
  type: 'test'
  ...
# Subtest: DCT truncation follows zigzag and never increases MSE when more coefficients are retained
ok 12 - DCT truncation follows zigzag and never increases MSE when more coefficients are retained
  ---
  duration_ms: 24.674
  type: 'test'
  ...
# Subtest: DCT rejects unsupported dimensions, non-normalized inputs and coefficient budgets
ok 13 - DCT rejects unsupported dimensions, non-normalized inputs and coefficient budgets
  ---
  duration_ms: 1.1565
  type: 'test'
  ...
# Subtest: CLT is seeded, conserves histogram counts and approaches known mean and mean variance
ok 14 - CLT is seeded, conserves histogram counts and approaches known mean and mean variance
  ---
  duration_ms: 85.7011
  type: 'test'
  ...
# Subtest: CLT handles a single observation and refuses excessive or invalid simulation inputs
ok 15 - CLT handles a single observation and refuses excessive or invalid simulation inputs
  ---
  duration_ms: 1.235
  type: 'test'
  ...
# Subtest: Monty Hall host never opens the prize or selected door, and switching complements staying
ok 16 - Monty Hall host never opens the prize or selected door, and switching complements staying
  ---
  duration_ms: 4.5899
  type: 'test'
  ...
# Subtest: Monty Hall simulation reproduces the theoretical 1/3 and 2/3 comparison
ok 17 - Monty Hall simulation reproduces the theoretical 1/3 and 2/3 comparison
  ---
  duration_ms: 43.8045
  type: 'test'
  ...
# Subtest: upstream parser produces a validated composable lesson and bounded state/action contracts
ok 18 - upstream parser produces a validated composable lesson and bounded state/action contracts
  ---
  duration_ms: 16.9846
  type: 'test'
  ...
# Subtest: partial upstream parsing permits safe preview but final parsing never accepts autoclosure
ok 19 - partial upstream parsing permits safe preview but final parsing never accepts autoclosure
  ---
  duration_ms: 8.1977
  type: 'test'
  ...
# Subtest: only top-level exact fenced blocks enter the UI channel; ordinary examples remain text
ok 20 - only top-level exact fenced blocks enter the UI channel; ordinary examples remain text
  ---
  duration_ms: 13.4644
  type: 'test'
  ...
# Subtest: revision hydration retains only compatible controls and never silently clamps values
ok 21 - revision hydration retains only compatible controls and never silently clamps values
  ---
  duration_ms: 7.1616
  type: 'test'
  ...
# Subtest: moving a state binding between polynomial coefficients resets its computational meaning
ok 22 - moving a state binding between polynomial coefficients resets its computational meaning
  ---
  duration_ms: 3.8889
  type: 'test'
  ...
# Subtest: a changed prediction question does not restore an answer to the old question
ok 23 - a changed prediction question does not restore an answer to the old question
  ---
  duration_ms: 2.2311
  type: 'test'
  ...
# Subtest: repeated reference expansion is bounded before upstream tree materialization
ok 24 - repeated reference expansion is bounded before upstream tree materialization
  ---
  duration_ms: 1.8032
  type: 'test'
  ...
# Subtest: native messages survive JSON and nested-message replay without losing content or metadata
ok 25 - native messages survive JSON and nested-message replay without losing content or metadata
  ---
  duration_ms: 40.3281
  type: 'test'
  ...
# Subtest: native protocol rejects legacy messages, unsupported parts and executable component trees
ok 26 - native protocol rejects legacy messages, unsupported parts and executable component trees
  ---
  duration_ms: 18.9284
  type: 'test'
  ...
# Subtest: one user message carries all attachments exactly once and rejects forged routing
ok 27 - one user message carries all attachments exactly once and rejects forged routing
  ---
  duration_ms: 4.9056
  type: 'test'
  ...
1..27
# tests 27
# suites 0
# pass 27
# fail 0
# cancelled 0
# skipped 0
# todo 0
# duration_ms 1414.5677
