 Container lingxiloop-e2e-postgres-1  Running
 Container lingxiloop-e2e-redis-1  Running
 Container lingxiloop-e2e-postgres-1  Waiting
 Container lingxiloop-e2e-redis-1  Waiting
 Container lingxiloop-e2e-redis-1  Healthy
 Container lingxiloop-e2e-postgres-1  Healthy
[db:migrate] already current · 238ms
[integration] selected 4/55 file(s): interactive-ui.test.ts, migration.test.ts, native-message-flow.test.ts, runtime-nonthinking.test.ts
TAP version 13
# Subtest: personal state is scoped, conditionally saved, and restored only across compatible revisions
ok 1 - personal state is scoped, conditionally saved, and restored only across compatible revisions
  ---
  duration_ms: 24111.4652
  type: 'test'
  ...
# Subtest: actions are allowlisted, admitted once, and generic ingress cannot forge their receipts
ok 2 - actions are allowlisted, admitted once, and generic ingress cannot forge their receipts
  ---
  duration_ms: 2797.7994
  type: 'test'
  ...
# Subtest: pending delivery fences actions, survives ACK loss, and commits only the original recorded message
ok 3 - pending delivery fences actions, survives ACK loss, and commits only the original recorded message
  ---
  duration_ms: 1134.8262
  type: 'test'
  ...
# [api] 500 Error: fixture ACK lost after durable write
#     at WukongClient.<anonymous> (E:\\lyyzka\\LingxiLoop\\server\\src\\__integration__\\interactive-ui.test.ts:186:11)
#     at process.processTicksAndRejections (node:internal/process/task_queues:103:5)
#     at async ImMessagesApplication.acceptMessage (E:\\lyyzka\\LingxiLoop\\server\\src\\im\\messages-application.ts:406:22)
#     at async Object.withConnection (E:\\lyyzka\\LingxiLoop\\server\\src\\im\\messages-facade.ts:13:14)
#     at async submitUiAction (E:\\lyyzka\\LingxiLoop\\server\\src\\im\\interactive-ui.ts:290:18)
#     at async <anonymous> (E:\\lyyzka\\LingxiLoop\\server\\src\\im\\router.ts:306:18)
# Subtest: an action whose send lost its ACK is reconciled without a second human message
ok 4 - an action whose send lost its ACK is reconciled without a second human message
  ---
  duration_ms: 515.7036
  type: 'test'
  ...
# Subtest: native UI dispatch reconciles a lost ACK and does not retry an unconfirmed absent message
ok 5 - native UI dispatch reconciles a lost ACK and does not retry an unconfirmed absent message
  ---
  duration_ms: 356.0673
  type: 'test'
  ...
# Subtest: competing revisions and same-version state writes admit exactly one winner
ok 6 - competing revisions and same-version state writes admit exactly one winner
  ---
  duration_ms: 394.2263
  type: 'test'
  ...
# Subtest: runtime control rejects cancelled or failed runs and binds only the original waiting request
ok 7 - runtime control rejects cancelled or failed runs and binds only the original waiting request
  ---
  duration_ms: 988.32
  type: 'test'
  ...
# Subtest: an empty database reaches the latest schema once and repeated migration is a no-op
ok 8 - an empty database reaches the latest schema once and repeated migration is a no-op
  ---
  duration_ms: 20693.8435
  type: 'test'
  ...
# Subtest: interactive UI upgrade preserves product rows and adds empty scoped state once
ok 9 - interactive UI upgrade preserves product rows and adds empty scoped state once
  ---
  duration_ms: 8885.6318
  type: 'test'
  ...
# Subtest: collaboration upgrade preserves managed IDs, custom rooms and leaders while expanding default teams
ok 10 - collaboration upgrade preserves managed IDs, custom rooms and leaders while expanding default teams
  ---
  duration_ms: 8119.569
  type: 'test'
  ...
# Subtest: earlier 3.2 versions upgrade only runtime registration and preserve existing data
ok 11 - earlier 3.2 versions upgrade only runtime registration and preserve existing data
  ---
  duration_ms: 65601.4757
  type: 'test'
  ...
# Subtest: read receipt upgrade preserves human receipts and accepts only same-tenant participants
ok 12 - read receipt upgrade preserves human receipts and accepts only same-tenant participants
  ---
  duration_ms: 11762.5886
  type: 'test'
  ...
# Subtest: 3.2.13 upgrades the workspace schema transactionally and repeats without changing product data
ok 13 - 3.2.13 upgrades the workspace schema transactionally and repeats without changing product data
  ---
  duration_ms: 10503.5158
  type: 'test'
  ...
# Subtest: 3.3.0 registers the runtime fixes without altering sessions or accepting an unverified schema
ok 14 - 3.3.0 registers the runtime fixes without altering sessions or accepting an unverified schema
  ---
  duration_ms: 11655.0839
  type: 'test'
  ...
# Subtest: 3.3.1 registers the runtime fixes without altering sessions or accepting an unverified schema
ok 15 - 3.3.1 registers the runtime fixes without altering sessions or accepting an unverified schema
  ---
  duration_ms: 14476.4175
  type: 'test'
  ...
# Subtest: 3.3.2 registers the runtime fixes without altering sessions or accepting an unverified schema
ok 16 - 3.3.2 registers the runtime fixes without altering sessions or accepting an unverified schema
  ---
  duration_ms: 11712.4545
  type: 'test'
  ...
# Subtest: 3.3.4 registers the runtime fixes without altering sessions or accepting an unverified schema
ok 17 - 3.3.4 registers the runtime fixes without altering sessions or accepting an unverified schema
  ---
  duration_ms: 13827.8125
  type: 'test'
  ...
# Subtest: 3.3.5 registers the runtime fixes without altering sessions or accepting an unverified schema
ok 18 - 3.3.5 registers the runtime fixes without altering sessions or accepting an unverified schema
  ---
  duration_ms: 11872.1714
  type: 'test'
  ...
# Subtest: a recorded runtime patch repairs a stale LingxiOS schema before serving
ok 19 - a recorded runtime patch repairs a stale LingxiOS schema before serving
  ---
  duration_ms: 15175.2297
  type: 'test'
  ...
# Subtest: the affinity migration backfills the most recent worker without changing the Home epoch
ok 20 - the affinity migration backfills the most recent worker without changing the Home epoch
  ---
  duration_ms: 8299.6049
  type: 'test'
  ...
# Subtest: native installation rejects old run data before historical reset migrations can change it
ok 21 - native installation rejects old run data before historical reset migrations can change it
  ---
  duration_ms: 9084.1041
  type: 'test'
  ...
# Subtest: a non-empty database without migration history is rejected without mutation
ok 22 - a non-empty database without migration history is rejected without mutation
  ---
  duration_ms: 1097.9107
  type: 'test'
  ...
# Subtest: editing an applied migration is rejected by checksum
ok 23 - editing an applied migration is rejected by checksum
  ---
  duration_ms: 11881.3797
  type: 'test'
  ...
# Subtest: a failed migration rolls back its DDL and history row
ok 24 - a failed migration rolls back its DDL and history row
  ---
  duration_ms: 8599.9321
  type: 'test'
  ...
# Subtest: concurrent migrators serialize and apply each migration once
ok 25 - concurrent migrators serialize and apply each migration once
  ---
  duration_ms: 9627.0016
  type: 'test'
  ...
# Subtest: runtime readiness rejects pending migrations
ok 26 - runtime readiness rejects pending migrations
  ---
  duration_ms: 7742.7712
  type: 'test'
  ...
# Subtest: runtime readiness rejects a missing native collaboration table
ok 27 - runtime readiness rejects a missing native collaboration table
  ---
  duration_ms: 11468.6458
  type: 'test'
  ...
# Subtest: capability backfill preserves teacher grants, custom prompts and later revocations
ok 28 - capability backfill preserves teacher grants, custom prompts and later revocations
  ---
  duration_ms: 10157.5103
  type: 'test'
  ...
# Subtest: one native message survives acceptance and replay; every attachment settles before one wake
ok 29 - one native message survives acceptance and replay; every attachment settles before one wake
  ---
  duration_ms: 12464.9403
  type: 'test'
  ...
# {"ts":"2026-10-09T04:38:57.274Z","level":"info","msg":"worker started","workerId":"lingxiloop-app-8oipu","healthPort":52993,"maxConcurrentRuns":2}
# {"ts":"2026-10-09T04:39:00.656Z","level":"info","msg":"worker stopped","workerId":"lingxiloop-app-8oipu","timedOut":false}
# {"ts":"2026-10-09T04:39:00.665Z","level":"error","msg":"control-plane request failed","path":"/v5/work/wait","error":{"name":"Error","message":"control plane stopped","stack":"Error: control plane stopped\\n    at Object.stop (E:\\\\lyyzka\\\\LingxiLoop\\\\server\\\\node_modules\\\\@lyyzka\\\\lingxios\\\\src\\\\app\\\\index.ts:827:22)\\n    at stopLingxiOSControl (E:\\\\lyyzka\\\\LingxiLoop\\\\server\\\\src\\\\agent-runtime\\\\runtime.ts:154:44)\\n    at process.processTicksAndRejections (node:internal/process/task_queues:103:5)\\n    at async Object.stop (E:\\\\lyyzka\\\\LingxiLoop\\\\server\\\\src\\\\agent-runtime\\\\runtime.ts:223:5)\\n    at async TestContext.<anonymous> (E:\\\\lyyzka\\\\LingxiLoop\\\\server\\\\src\\\\__integration__\\\\runtime-nonthinking.test.ts:155:7)\\n    at async Test.run (node:internal/test_runner/test:1054:7)\\n    at async startSubtestAfterBootstrap (node:internal/test_runner/harness:296:3)"}}
# {"ts":"2026-10-09T04:39:00.670Z","level":"error","msg":"control-plane request failed","path":"/v5/work/wait","error":{"name":"Error","message":"control plane stopped","stack":"Error: control plane stopped\\n    at Object.stop (E:\\\\lyyzka\\\\LingxiLoop\\\\server\\\\node_modules\\\\@lyyzka\\\\lingxios\\\\src\\\\app\\\\index.ts:827:22)\\n    at stopLingxiOSControl (E:\\\\lyyzka\\\\LingxiLoop\\\\server\\\\src\\\\agent-runtime\\\\runtime.ts:154:44)\\n    at process.processTicksAndRejections (node:internal/process/task_queues:103:5)\\n    at async Object.stop (E:\\\\lyyzka\\\\LingxiLoop\\\\server\\\\src\\\\agent-runtime\\\\runtime.ts:223:5)\\n    at async TestContext.<anonymous> (E:\\\\lyyzka\\\\LingxiLoop\\\\server\\\\src\\\\__integration__\\\\runtime-nonthinking.test.ts:155:7)\\n    at async Test.run (node:internal/test_runner/test:1054:7)\\n    at async startSubtestAfterBootstrap (node:internal/test_runner/harness:296:3)"}}
# {"ts":"2026-10-09T04:39:01.230Z","level":"info","msg":"worker started","workerId":"lingxiloop-app-8oipu","healthPort":52993,"maxConcurrentRuns":2}
# {"ts":"2026-10-09T04:39:04.263Z","level":"info","msg":"worker stopped","workerId":"lingxiloop-app-8oipu","timedOut":false}
# {"ts":"2026-10-09T04:39:04.268Z","level":"error","msg":"control-plane request failed","path":"/v5/work/wait","error":{"name":"Error","message":"control plane stopped","stack":"Error: control plane stopped\\n    at Object.stop (E:\\\\lyyzka\\\\LingxiLoop\\\\server\\\\node_modules\\\\@lyyzka\\\\lingxios\\\\src\\\\app\\\\index.ts:827:22)\\n    at stopLingxiOSControl (E:\\\\lyyzka\\\\LingxiLoop\\\\server\\\\src\\\\agent-runtime\\\\runtime.ts:154:44)\\n    at process.processTicksAndRejections (node:internal/process/task_queues:103:5)\\n    at async Object.stop (E:\\\\lyyzka\\\\LingxiLoop\\\\server\\\\src\\\\agent-runtime\\\\runtime.ts:223:5)\\n    at async TestContext.<anonymous> (E:\\\\lyyzka\\\\LingxiLoop\\\\server\\\\src\\\\__integration__\\\\runtime-nonthinking.test.ts:155:7)\\n    at async Test.run (node:internal/test_runner/test:1054:7)\\n    at async startSubtestAfterBootstrap (node:internal/test_runner/harness:296:3)"}}
# {"ts":"2026-10-09T04:39:04.269Z","level":"error","msg":"control-plane request failed","path":"/v5/work/wait","error":{"name":"Error","message":"control plane stopped","stack":"Error: control plane stopped\\n    at Object.stop (E:\\\\lyyzka\\\\LingxiLoop\\\\server\\\\node_modules\\\\@lyyzka\\\\lingxios\\\\src\\\\app\\\\index.ts:827:22)\\n    at stopLingxiOSControl (E:\\\\lyyzka\\\\LingxiLoop\\\\server\\\\src\\\\agent-runtime\\\\runtime.ts:154:44)\\n    at process.processTicksAndRejections (node:internal/process/task_queues:103:5)\\n    at async Object.stop (E:\\\\lyyzka\\\\LingxiLoop\\\\server\\\\src\\\\agent-runtime\\\\runtime.ts:223:5)\\n    at async TestContext.<anonymous> (E:\\\\lyyzka\\\\LingxiLoop\\\\server\\\\src\\\\__integration__\\\\runtime-nonthinking.test.ts:155:7)\\n    at async Test.run (node:internal/test_runner/test:1054:7)\\n    at async startSubtestAfterBootstrap (node:internal/test_runner/harness:296:3)"}}
# Subtest: production workers always expose full tools and disable thinking even with legacy auto configuration and stream only body text before completion
ok 30 - production workers always expose full tools and disable thinking even with legacy auto configuration and stream only body text before completion
  ---
  duration_ms: 18243.594
  type: 'test'
  ...
1..30
# tests 30
# suites 0
# pass 30
# fail 0
# cancelled 0
# skipped 0
# todo 0
# duration_ms 372461.8809
